Archive member included to satisfy reference by file (symbol)

c:/st/stm32cubeide_1.3.0/stm32cubeide/plugins/com.st.stm32cube.ide.mcu.externaltools.gnu-tools-for-stm32.7-2018-q2-update.win32_1.0.0.201904181610/tools/bin/../lib/gcc/arm-none-eabi/7.3.1/../../../../arm-none-eabi/lib/thumb/v7e-m/fpv4-sp/hard\libc_nano.a(lib_a-errno.o)
                              Core/Src/syscalls.o (__errno)
c:/st/stm32cubeide_1.3.0/stm32cubeide/plugins/com.st.stm32cube.ide.mcu.externaltools.gnu-tools-for-stm32.7-2018-q2-update.win32_1.0.0.201904181610/tools/bin/../lib/gcc/arm-none-eabi/7.3.1/../../../../arm-none-eabi/lib/thumb/v7e-m/fpv4-sp/hard\libc_nano.a(lib_a-exit.o)
                              c:/st/stm32cubeide_1.3.0/stm32cubeide/plugins/com.st.stm32cube.ide.mcu.externaltools.gnu-tools-for-stm32.7-2018-q2-update.win32_1.0.0.201904181610/tools/bin/../lib/gcc/arm-none-eabi/7.3.1/../../../../arm-none-eabi/lib/thumb/v7e-m/fpv4-sp/hard/crt0.o (exit)
c:/st/stm32cubeide_1.3.0/stm32cubeide/plugins/com.st.stm32cube.ide.mcu.externaltools.gnu-tools-for-stm32.7-2018-q2-update.win32_1.0.0.201904181610/tools/bin/../lib/gcc/arm-none-eabi/7.3.1/../../../../arm-none-eabi/lib/thumb/v7e-m/fpv4-sp/hard\libc_nano.a(lib_a-impure.o)
                              c:/st/stm32cubeide_1.3.0/stm32cubeide/plugins/com.st.stm32cube.ide.mcu.externaltools.gnu-tools-for-stm32.7-2018-q2-update.win32_1.0.0.201904181610/tools/bin/../lib/gcc/arm-none-eabi/7.3.1/../../../../arm-none-eabi/lib/thumb/v7e-m/fpv4-sp/hard\libc_nano.a(lib_a-exit.o) (_global_impure_ptr)
c:/st/stm32cubeide_1.3.0/stm32cubeide/plugins/com.st.stm32cube.ide.mcu.externaltools.gnu-tools-for-stm32.7-2018-q2-update.win32_1.0.0.201904181610/tools/bin/../lib/gcc/arm-none-eabi/7.3.1/../../../../arm-none-eabi/lib/thumb/v7e-m/fpv4-sp/hard\libc_nano.a(lib_a-init.o)
                              c:/st/stm32cubeide_1.3.0/stm32cubeide/plugins/com.st.stm32cube.ide.mcu.externaltools.gnu-tools-for-stm32.7-2018-q2-update.win32_1.0.0.201904181610/tools/bin/../lib/gcc/arm-none-eabi/7.3.1/../../../../arm-none-eabi/lib/thumb/v7e-m/fpv4-sp/hard/crt0.o (__libc_init_array)
c:/st/stm32cubeide_1.3.0/stm32cubeide/plugins/com.st.stm32cube.ide.mcu.externaltools.gnu-tools-for-stm32.7-2018-q2-update.win32_1.0.0.201904181610/tools/bin/../lib/gcc/arm-none-eabi/7.3.1/../../../../arm-none-eabi/lib/thumb/v7e-m/fpv4-sp/hard\libc_nano.a(lib_a-memset.o)
                              c:/st/stm32cubeide_1.3.0/stm32cubeide/plugins/com.st.stm32cube.ide.mcu.externaltools.gnu-tools-for-stm32.7-2018-q2-update.win32_1.0.0.201904181610/tools/bin/../lib/gcc/arm-none-eabi/7.3.1/../../../../arm-none-eabi/lib/thumb/v7e-m/fpv4-sp/hard/crt0.o (memset)

Allocating common symbols
Common symbol       size              file

huart3              0x84              Core/Src/main.o
uwTick              0x4               Drivers/STM32F3xx_HAL_Driver/Src/stm32f3xx_hal.o
pFlash              0x20              Drivers/STM32F3xx_HAL_Driver/Src/stm32f3xx_hal_flash.o

Discarded input sections

 .text          0x0000000000000000        0x0 c:/st/stm32cubeide_1.3.0/stm32cubeide/plugins/com.st.stm32cube.ide.mcu.externaltools.gnu-tools-for-stm32.7-2018-q2-update.win32_1.0.0.201904181610/tools/bin/../lib/gcc/arm-none-eabi/7.3.1/thumb/v7e-m/fpv4-sp/hard/crti.o
 .data          0x0000000000000000        0x0 c:/st/stm32cubeide_1.3.0/stm32cubeide/plugins/com.st.stm32cube.ide.mcu.externaltools.gnu-tools-for-stm32.7-2018-q2-update.win32_1.0.0.201904181610/tools/bin/../lib/gcc/arm-none-eabi/7.3.1/thumb/v7e-m/fpv4-sp/hard/crti.o
 .bss           0x0000000000000000        0x0 c:/st/stm32cubeide_1.3.0/stm32cubeide/plugins/com.st.stm32cube.ide.mcu.externaltools.gnu-tools-for-stm32.7-2018-q2-update.win32_1.0.0.201904181610/tools/bin/../lib/gcc/arm-none-eabi/7.3.1/thumb/v7e-m/fpv4-sp/hard/crti.o
 .data          0x0000000000000000        0x4 c:/st/stm32cubeide_1.3.0/stm32cubeide/plugins/com.st.stm32cube.ide.mcu.externaltools.gnu-tools-for-stm32.7-2018-q2-update.win32_1.0.0.201904181610/tools/bin/../lib/gcc/arm-none-eabi/7.3.1/thumb/v7e-m/fpv4-sp/hard/crtbegin.o
 .text          0x0000000000000000       0x74 c:/st/stm32cubeide_1.3.0/stm32cubeide/plugins/com.st.stm32cube.ide.mcu.externaltools.gnu-tools-for-stm32.7-2018-q2-update.win32_1.0.0.201904181610/tools/bin/../lib/gcc/arm-none-eabi/7.3.1/../../../../arm-none-eabi/lib/thumb/v7e-m/fpv4-sp/hard/crt0.o
 .data          0x0000000000000000        0x0 c:/st/stm32cubeide_1.3.0/stm32cubeide/plugins/com.st.stm32cube.ide.mcu.externaltools.gnu-tools-for-stm32.7-2018-q2-update.win32_1.0.0.201904181610/tools/bin/../lib/gcc/arm-none-eabi/7.3.1/../../../../arm-none-eabi/lib/thumb/v7e-m/fpv4-sp/hard/crt0.o
 .bss           0x0000000000000000        0x0 c:/st/stm32cubeide_1.3.0/stm32cubeide/plugins/com.st.stm32cube.ide.mcu.externaltools.gnu-tools-for-stm32.7-2018-q2-update.win32_1.0.0.201904181610/tools/bin/../lib/gcc/arm-none-eabi/7.3.1/../../../../arm-none-eabi/lib/thumb/v7e-m/fpv4-sp/hard/crt0.o
[...]
Memory Configuration

Name             Origin             Length             Attributes
CCMRAM           0x0000000010000000 0x0000000000002000 xrw
RAM              0x0000000020000000 0x0000000000008000 xrw
FLASH            0x0000000008000000 0x0000000000020000 xr
*default*        0x0000000000000000 0xffffffffffffffff

Linker script and memory map

LOAD c:/st/stm32cubeide_1.3.0/stm32cubeide/plugins/com.st.stm32cube.ide.mcu.externaltools.gnu-tools-for-stm32.7-2018-q2-update.win32_1.0.0.201904181610/tools/bin/../lib/gcc/arm-none-eabi/7.3.1/thumb/v7e-m/fpv4-sp/hard/crti.o
LOAD c:/st/stm32cubeide_1.3.0/stm32cubeide/plugins/com.st.stm32cube.ide.mcu.externaltools.gnu-tools-for-stm32.7-2018-q2-update.win32_1.0.0.201904181610/tools/bin/../lib/gcc/arm-none-eabi/7.3.1/thumb/v7e-m/fpv4-sp/hard/crtbegin.o
LOAD c:/st/stm32cubeide_1.3.0/stm32cubeide/plugins/com.st.stm32cube.ide.mcu.externaltools.gnu-tools-for-stm32.7-2018-q2-update.win32_1.0.0.201904181610/tools/bin/../lib/gcc/arm-none-eabi/7.3.1/../../../../arm-none-eabi/lib/thumb/v7e-m/fpv4-sp/hard/crt0.o
LOAD Core/Src/main.o
LOAD Core/Src/stm32f3xx_hal_msp.o
LOAD Core/Src/stm32f3xx_it.o
LOAD Core/Src/syscalls.o
LOAD Core/Src/sysmem.o
LOAD Core/Src/system_stm32f3xx.o
LOAD Core/Startup/startup_stm32f303cbtx.o
LOAD Drivers/STM32F3xx_HAL_Driver/Src/stm32f3xx_hal.o
LOAD Drivers/STM32F3xx_HAL_Driver/Src/stm32f3xx_hal_cortex.o
LOAD Drivers/STM32F3xx_HAL_Driver/Src/stm32f3xx_hal_dma.o
LOAD Drivers/STM32F3xx_HAL_Driver/Src/stm32f3xx_hal_exti.o
LOAD Drivers/STM32F3xx_HAL_Driver/Src/stm32f3xx_hal_flash.o
LOAD Drivers/STM32F3xx_HAL_Driver/Src/stm32f3xx_hal_flash_ex.o
LOAD Drivers/STM32F3xx_HAL_Driver/Src/stm32f3xx_hal_gpio.o
LOAD Drivers/STM32F3xx_HAL_Driver/Src/stm32f3xx_hal_i2c.o
LOAD Drivers/STM32F3xx_HAL_Driver/Src/stm32f3xx_hal_i2c_ex.o
LOAD Drivers/STM32F3xx_HAL_Driver/Src/stm32f3xx_hal_pwr.o
LOAD Drivers/STM32F3xx_HAL_Driver/Src/stm32f3xx_hal_pwr_ex.o
LOAD Drivers/STM32F3xx_HAL_Driver/Src/stm32f3xx_hal_rcc.o
LOAD Drivers/STM32F3xx_HAL_Driver/Src/stm32f3xx_hal_rcc_ex.o
LOAD Drivers/STM32F3xx_HAL_Driver/Src/stm32f3xx_hal_tim.o
LOAD Drivers/STM32F3xx_HAL_Driver/Src/stm32f3xx_hal_tim_ex.o
LOAD Drivers/STM32F3xx_HAL_Driver/Src/stm32f3xx_hal_uart.o
LOAD Drivers/STM32F3xx_HAL_Driver/Src/stm32f3xx_hal_uart_ex.o
START GROUP
LOAD c:/st/stm32cubeide_1.3.0/stm32cubeide/plugins/com.st.stm32cube.ide.mcu.externaltools.gnu-tools-for-stm32.7-2018-q2-update.win32_1.0.0.201904181610/tools/bin/../lib/gcc/arm-none-eabi/7.3.1/../../../../arm-none-eabi/lib/thumb/v7e-m/fpv4-sp/hard\libc_nano.a
LOAD c:/st/stm32cubeide_1.3.0/stm32cubeide/plugins/com.st.stm32cube.ide.mcu.externaltools.gnu-tools-for-stm32.7-2018-q2-update.win32_1.0.0.201904181610/tools/bin/../lib/gcc/arm-none-eabi/7.3.1/../../../../arm-none-eabi/lib/thumb/v7e-m/fpv4-sp/hard\libm.a
END GROUP
START GROUP
LOAD c:/st/stm32cubeide_1.3.0/stm32cubeide/plugins/com.st.stm32cube.ide.mcu.externaltools.gnu-tools-for-stm32.7-2018-q2-update.win32_1.0.0.201904181610/tools/bin/../lib/gcc/arm-none-eabi/7.3.1/thumb/v7e-m/fpv4-sp/hard\libgcc.a
LOAD c:/st/stm32cubeide_1.3.0/stm32cubeide/plugins/com.st.stm32cube.ide.mcu.externaltools.gnu-tools-for-stm32.7-2018-q2-update.win32_1.0.0.201904181610/tools/bin/../lib/gcc/arm-none-eabi/7.3.1/../../../../arm-none-eabi/lib/thumb/v7e-m/fpv4-sp/hard\libc_nano.a
END GROUP
START GROUP
LOAD c:/st/stm32cubeide_1.3.0/stm32cubeide/plugins/com.st.stm32cube.ide.mcu.externaltools.gnu-tools-for-stm32.7-2018-q2-update.win32_1.0.0.201904181610/tools/bin/../lib/gcc/arm-none-eabi/7.3.1/thumb/v7e-m/fpv4-sp/hard\libgcc.a
LOAD c:/st/stm32cubeide_1.3.0/stm32cubeide/plugins/com.st.stm32cube.ide.mcu.externaltools.gnu-tools-for-stm32.7-2018-q2-update.win32_1.0.0.201904181610/tools/bin/../lib/gcc/arm-none-eabi/7.3.1/../../../../arm-none-eabi/lib/thumb/v7e-m/fpv4-sp/hard\libc_nano.a
LOAD c:/st/stm32cubeide_1.3.0/stm32cubeide/plugins/com.st.stm32cube.ide.mcu.externaltools.gnu-tools-for-stm32.7-2018-q2-update.win32_1.0.0.201904181610/tools/bin/../lib/gcc/arm-none-eabi/7.3.1/../../../../arm-none-eabi/lib/thumb/v7e-m/fpv4-sp/hard\libnosys.a
END GROUP
START GROUP
LOAD c:/st/stm32cubeide_1.3.0/stm32cubeide/plugins/com.st.stm32cube.ide.mcu.externaltools.gnu-tools-for-stm32.7-2018-q2-update.win32_1.0.0.201904181610/tools/bin/../lib/gcc/arm-none-eabi/7.3.1/thumb/v7e-m/fpv4-sp/hard\libgcc.a
LOAD c:/st/stm32cubeide_1.3.0/stm32cubeide/plugins/com.st.stm32cube.ide.mcu.externaltools.gnu-tools-for-stm32.7-2018-q2-update.win32_1.0.0.201904181610/tools/bin/../lib/gcc/arm-none-eabi/7.3.1/../../../../arm-none-eabi/lib/thumb/v7e-m/fpv4-sp/hard\libc_nano.a
LOAD c:/st/stm32cubeide_1.3.0/stm32cubeide/plugins/com.st.stm32cube.ide.mcu.externaltools.gnu-tools-for-stm32.7-2018-q2-update.win32_1.0.0.201904181610/tools/bin/../lib/gcc/arm-none-eabi/7.3.1/../../../../arm-none-eabi/lib/thumb/v7e-m/fpv4-sp/hard\libnosys.a
END GROUP
LOAD c:/st/stm32cubeide_1.3.0/stm32cubeide/plugins/com.st.stm32cube.ide.mcu.externaltools.gnu-tools-for-stm32.7-2018-q2-update.win32_1.0.0.201904181610/tools/bin/../lib/gcc/arm-none-eabi/7.3.1/thumb/v7e-m/fpv4-sp/hard/crtend.o
LOAD c:/st/stm32cubeide_1.3.0/stm32cubeide/plugins/com.st.stm32cube.ide.mcu.externaltools.gnu-tools-for-stm32.7-2018-q2-update.win32_1.0.0.201904181610/tools/bin/../lib/gcc/arm-none-eabi/7.3.1/thumb/v7e-m/fpv4-sp/hard/crtn.o
                0x0000000020008000                _estack = (ORIGIN (RAM) + LENGTH (RAM))
                0x0000000000000200                _Min_Heap_Size = 0x200
                0x0000000000000400                _Min_Stack_Size = 0x400

.isr_vector     0x0000000008000000      0x188
                0x0000000008000000                . = ALIGN (0x4)
 *(.isr_vector)
 .isr_vector    0x0000000008000000      0x188 Core/Startup/startup_stm32f303cbtx.o
                0x0000000008000000                g_pfnVectors
                0x0000000008000188                . = ALIGN (0x4)

.text           0x0000000008000188     0x2958
                0x0000000008000188                . = ALIGN (0x4)
 *(.text)
 .text          0x0000000008000188       0x40 c:/st/stm32cubeide_1.3.0/stm32cubeide/plugins/com.st.stm32cube.ide.mcu.externaltools.gnu-tools-for-stm32.7-2018-q2-update.win32_1.0.0.201904181610/tools/bin/../lib/gcc/arm-none-eabi/7.3.1/thumb/v7e-m/fpv4-sp/hard/crtbegin.o
 *(.text*)
 .text.main     0x00000000080001c8       0x4c Core/Src/main.o
                0x00000000080001c8                main
 .text.SystemClock_Config
                0x0000000008000214       0xb4 Core/Src/main.o
                0x0000000008000214                SystemClock_Config
 .text.MX_USART3_UART_Init
                0x00000000080002c8       0x60 Core/Src/main.o
 .text.MX_GPIO_Init
                0x0000000008000328       0x78 Core/Src/main.o
 .text.Error_Handler
                0x00000000080003a0        0xe Core/Src/main.o
                0x00000000080003a0                Error_Handler
 *fill*         0x00000000080003ae        0x2 
 .text.HAL_MspInit
                0x00000000080003b0       0x48 Core/Src/stm32f3xx_hal_msp.o
                0x00000000080003b0                HAL_MspInit
 .text.HAL_UART_MspInit
                0x00000000080003f8       0x88 Core/Src/stm32f3xx_hal_msp.o
                0x00000000080003f8                HAL_UART_MspInit
 .text.NMI_Handler
                0x0000000008000480        0xe Core/Src/stm32f3xx_it.o
                0x0000000008000480                NMI_Handler
 .text.HardFault_Handler
                0x000000000800048e        0x6 Core/Src/stm32f3xx_it.o
                0x000000000800048e                HardFault_Handler
 .text.MemManage_Handler
                0x0000000008000494        0x6 Core/Src/stm32f3xx_it.o
                0x0000000008000494                MemManage_Handler
 .text.BusFault_Handler
                0x000000000800049a        0x6 Core/Src/stm32f3xx_it.o
                0x000000000800049a                BusFault_Handler
 .text.UsageFault_Handler
                0x00000000080004a0        0x6 Core/Src/stm32f3xx_it.o
                0x00000000080004a0                UsageFault_Handler
 .text.SVC_Handler
                0x00000000080004a6        0xe Core/Src/stm32f3xx_it.o
                0x00000000080004a6                SVC_Handler
 .text.DebugMon_Handler
                0x00000000080004b4        0xe Core/Src/stm32f3xx_it.o
                0x00000000080004b4                DebugMon_Handler
 .text.PendSV_Handler
                0x00000000080004c2        0xe Core/Src/stm32f3xx_it.o
                0x00000000080004c2                PendSV_Handler
 .text.SysTick_Handler
                0x00000000080004d0        0xc Core/Src/stm32f3xx_it.o
                0x00000000080004d0                SysTick_Handler
 .text.SystemInit
                0x00000000080004dc       0x24 Core/Src/system_stm32f3xx.o
                0x00000000080004dc                SystemInit
 .text.Reset_Handler
                0x0000000008000500       0x50 Core/Startup/startup_stm32f303cbtx.o
                0x0000000008000500                Reset_Handler
 .text.Default_Handler
                0x0000000008000550        0x2 Core/Startup/startup_stm32f303cbtx.o
                0x0000000008000550                RTC_Alarm_IRQHandler
                0x0000000008000550                TIM8_TRG_COM_IRQHandler
                0x0000000008000550                TIM8_CC_IRQHandler
                0x0000000008000550                TIM1_CC_IRQHandler
                0x0000000008000550                USB_HP_IRQHandler
                0x0000000008000550                PVD_IRQHandler
                0x0000000008000550                TAMP_STAMP_IRQHandler
                0x0000000008000550                EXTI3_IRQHandler
                0x0000000008000550                USB_HP_CAN_TX_IRQHandler
                0x0000000008000550                EXTI0_IRQHandler
                0x0000000008000550                I2C2_EV_IRQHandler
                0x0000000008000550                FPU_IRQHandler
                0x0000000008000550                TIM1_UP_TIM16_IRQHandler
                0x0000000008000550                ADC1_2_IRQHandler
                0x0000000008000550                SPI1_IRQHandler
                0x0000000008000550                CAN_SCE_IRQHandler
                0x0000000008000550                TIM6_DAC_IRQHandler
                0x0000000008000550                TIM8_UP_IRQHandler
                0x0000000008000550                DMA2_Channel2_IRQHandler
                0x0000000008000550                DMA1_Channel4_IRQHandler
                0x0000000008000550                USART3_IRQHandler
                0x0000000008000550                DMA1_Channel7_IRQHandler
                0x0000000008000550                UART5_IRQHandler
                0x0000000008000550                ADC3_IRQHandler
                0x0000000008000550                TIM4_IRQHandler
                0x0000000008000550                CAN_RX1_IRQHandler
                0x0000000008000550                DMA2_Channel1_IRQHandler
                0x0000000008000550                I2C1_EV_IRQHandler
                0x0000000008000550                DMA1_Channel6_IRQHandler
                0x0000000008000550                UART4_IRQHandler
                0x0000000008000550                DMA2_Channel4_IRQHandler
                0x0000000008000550                TIM3_IRQHandler
                0x0000000008000550                RCC_IRQHandler
                0x0000000008000550                DMA1_Channel1_IRQHandler
                0x0000000008000550                Default_Handler
                0x0000000008000550                USBWakeUp_RMP_IRQHandler
                0x0000000008000550                EXTI15_10_IRQHandler
                0x0000000008000550                TIM7_IRQHandler
                0x0000000008000550                EXTI9_5_IRQHandler
                0x0000000008000550                RTC_WKUP_IRQHandler
                0x0000000008000550                SPI2_IRQHandler
                0x0000000008000550                USB_LP_CAN_RX0_IRQHandler
                0x0000000008000550                DMA2_Channel5_IRQHandler
                0x0000000008000550                DMA1_Channel5_IRQHandler
                0x0000000008000550                USB_LP_IRQHandler
                0x0000000008000550                EXTI4_IRQHandler
                0x0000000008000550                TIM1_TRG_COM_TIM17_IRQHandler
                0x0000000008000550                DMA1_Channel3_IRQHandler
                0x0000000008000550                ADC4_IRQHandler
                0x0000000008000550                WWDG_IRQHandler
                0x0000000008000550                TIM2_IRQHandler
                0x0000000008000550                COMP7_IRQHandler
                0x0000000008000550                COMP1_2_3_IRQHandler
                0x0000000008000550                EXTI1_IRQHandler
                0x0000000008000550                USART2_IRQHandler
                0x0000000008000550                COMP4_5_6_IRQHandler
                0x0000000008000550                I2C2_ER_IRQHandler
                0x0000000008000550                DMA1_Channel2_IRQHandler
                0x0000000008000550                TIM8_BRK_IRQHandler
                0x0000000008000550                FLASH_IRQHandler
                0x0000000008000550                USART1_IRQHandler
                0x0000000008000550                SPI3_IRQHandler
                0x0000000008000550                I2C1_ER_IRQHandler
                0x0000000008000550                USBWakeUp_IRQHandler
                0x0000000008000550                DMA2_Channel3_IRQHandler
                0x0000000008000550                EXTI2_TSC_IRQHandler
                0x0000000008000550                TIM1_BRK_TIM15_IRQHandler
 *fill*         0x0000000008000552        0x2 
 .text.HAL_Init
                0x0000000008000554       0x2c Drivers/STM32F3xx_HAL_Driver/Src/stm32f3xx_hal.o
                0x0000000008000554                HAL_Init
 .text.HAL_InitTick
                0x0000000008000580       0x60 Drivers/STM32F3xx_HAL_Driver/Src/stm32f3xx_hal.o
                0x0000000008000580                HAL_InitTick
 .text.HAL_IncTick
                0x00000000080005e0       0x28 Drivers/STM32F3xx_HAL_Driver/Src/stm32f3xx_hal.o
                0x00000000080005e0                HAL_IncTick
 .text.HAL_GetTick
                0x0000000008000608       0x18 Drivers/STM32F3xx_HAL_Driver/Src/stm32f3xx_hal.o
                0x0000000008000608                HAL_GetTick
 .text.__NVIC_SetPriorityGrouping
                0x0000000008000620       0x48 Drivers/STM32F3xx_HAL_Driver/Src/stm32f3xx_hal_cortex.o
 .text.__NVIC_GetPriorityGrouping
                0x0000000008000668       0x1c Drivers/STM32F3xx_HAL_Driver/Src/stm32f3xx_hal_cortex.o
 .text.__NVIC_SetPriority
                0x0000000008000684       0x54 Drivers/STM32F3xx_HAL_Driver/Src/stm32f3xx_hal_cortex.o
 .text.NVIC_EncodePriority
                0x00000000080006d8       0x66 Drivers/STM32F3xx_HAL_Driver/Src/stm32f3xx_hal_cortex.o
 *fill*         0x000000000800073e        0x2 
 .text.SysTick_Config
                0x0000000008000740       0x44 Drivers/STM32F3xx_HAL_Driver/Src/stm32f3xx_hal_cortex.o
 .text.HAL_NVIC_SetPriorityGrouping
                0x0000000008000784       0x16 Drivers/STM32F3xx_HAL_Driver/Src/stm32f3xx_hal_cortex.o
                0x0000000008000784                HAL_NVIC_SetPriorityGrouping
 .text.HAL_NVIC_SetPriority
                0x000000000800079a       0x38 Drivers/STM32F3xx_HAL_Driver/Src/stm32f3xx_hal_cortex.o
                0x000000000800079a                HAL_NVIC_SetPriority
 .text.HAL_SYSTICK_Config
                0x00000000080007d2       0x18 Drivers/STM32F3xx_HAL_Driver/Src/stm32f3xx_hal_cortex.o
                0x00000000080007d2                HAL_SYSTICK_Config
 *fill*         0x00000000080007ea        0x2 
 .text.HAL_GPIO_Init
                0x00000000080007ec      0x2f4 Drivers/STM32F3xx_HAL_Driver/Src/stm32f3xx_hal_gpio.o
                0x00000000080007ec                HAL_GPIO_Init
 .text.HAL_RCC_OscConfig
                0x0000000008000ae0      0xe10 Drivers/STM32F3xx_HAL_Driver/Src/stm32f3xx_hal_rcc.o
                0x0000000008000ae0                HAL_RCC_OscConfig
 .text.HAL_RCC_ClockConfig
                0x00000000080018f0      0x2f8 Drivers/STM32F3xx_HAL_Driver/Src/stm32f3xx_hal_rcc.o
                0x00000000080018f0                HAL_RCC_ClockConfig
 .text.HAL_RCC_GetSysClockFreq
                0x0000000008001be8       0xd4 Drivers/STM32F3xx_HAL_Driver/Src/stm32f3xx_hal_rcc.o
                0x0000000008001be8                HAL_RCC_GetSysClockFreq
 .text.HAL_RCC_GetHCLKFreq
                0x0000000008001cbc       0x18 Drivers/STM32F3xx_HAL_Driver/Src/stm32f3xx_hal_rcc.o
                0x0000000008001cbc                HAL_RCC_GetHCLKFreq
 .text.HAL_RCC_GetPCLK1Freq
                0x0000000008001cd4       0x44 Drivers/STM32F3xx_HAL_Driver/Src/stm32f3xx_hal_rcc.o
                0x0000000008001cd4                HAL_RCC_GetPCLK1Freq
 .text.HAL_RCC_GetPCLK2Freq
                0x0000000008001d18       0x44 Drivers/STM32F3xx_HAL_Driver/Src/stm32f3xx_hal_rcc.o
                0x0000000008001d18                HAL_RCC_GetPCLK2Freq
 .text.HAL_RCCEx_PeriphCLKConfig
                0x0000000008001d5c      0x360 Drivers/STM32F3xx_HAL_Driver/Src/stm32f3xx_hal_rcc_ex.o
                0x0000000008001d5c                HAL_RCCEx_PeriphCLKConfig
 .text.HAL_UART_Init
                0x00000000080020bc       0x9c Drivers/STM32F3xx_HAL_Driver/Src/stm32f3xx_hal_uart.o
                0x00000000080020bc                HAL_UART_Init
 .text.HAL_UART_Transmit
                0x0000000008002158      0x128 Drivers/STM32F3xx_HAL_Driver/Src/stm32f3xx_hal_uart.o
                0x0000000008002158                HAL_UART_Transmit
 .text.HAL_UART_Receive
                0x0000000008002280      0x17c Drivers/STM32F3xx_HAL_Driver/Src/stm32f3xx_hal_uart.o
                0x0000000008002280                HAL_UART_Receive
 .text.UART_SetConfig
                0x00000000080023fc      0x3a4 Drivers/STM32F3xx_HAL_Driver/Src/stm32f3xx_hal_uart.o
                0x00000000080023fc                UART_SetConfig
 .text.UART_AdvFeatureConfig
                0x00000000080027a0      0x144 Drivers/STM32F3xx_HAL_Driver/Src/stm32f3xx_hal_uart.o
                0x00000000080027a0                UART_AdvFeatureConfig
 .text.UART_CheckIdleState
                0x00000000080028e4       0x92 Drivers/STM32F3xx_HAL_Driver/Src/stm32f3xx_hal_uart.o
                0x00000000080028e4                UART_CheckIdleState
 .text.UART_WaitOnFlagUntilTimeout
                0x0000000008002976       0xf8 Drivers/STM32F3xx_HAL_Driver/Src/stm32f3xx_hal_uart.o
                0x0000000008002976                UART_WaitOnFlagUntilTimeout
 *fill*         0x0000000008002a6e        0x2 
 .text.__libc_init_array
                0x0000000008002a70       0x48 c:/st/stm32cubeide_1.3.0/stm32cubeide/plugins/com.st.stm32cube.ide.mcu.externaltools.gnu-tools-for-stm32.7-2018-q2-update.win32_1.0.0.201904181610/tools/bin/../lib/gcc/arm-none-eabi/7.3.1/../../../../arm-none-eabi/lib/thumb/v7e-m/fpv4-sp/hard\libc_nano.a(lib_a-init.o)
                0x0000000008002a70                __libc_init_array
 .text.memset   0x0000000008002ab8       0x10 c:/st/stm32cubeide_1.3.0/stm32cubeide/plugins/com.st.stm32cube.ide.mcu.externaltools.gnu-tools-for-stm32.7-2018-q2-update.win32_1.0.0.201904181610/tools/bin/../lib/gcc/arm-none-eabi/7.3.1/../../../../arm-none-eabi/lib/thumb/v7e-m/fpv4-sp/hard\libc_nano.a(lib_a-memset.o)
                0x0000000008002ab8                memset
 *(.glue_7)
 .glue_7        0x0000000008002ac8        0x0 linker stubs
 *(.glue_7t)
 .glue_7t       0x0000000008002ac8        0x0 linker stubs
 *(.eh_frame)
 .eh_frame      0x0000000008002ac8        0x0 c:/st/stm32cubeide_1.3.0/stm32cubeide/plugins/com.st.stm32cube.ide.mcu.externaltools.gnu-tools-for-stm32.7-2018-q2-update.win32_1.0.0.201904181610/tools/bin/../lib/gcc/arm-none-eabi/7.3.1/thumb/v7e-m/fpv4-sp/hard/crtbegin.o
 *(.init)
 .init          0x0000000008002ac8        0x4 c:/st/stm32cubeide_1.3.0/stm32cubeide/plugins/com.st.stm32cube.ide.mcu.externaltools.gnu-tools-for-stm32.7-2018-q2-update.win32_1.0.0.201904181610/tools/bin/../lib/gcc/arm-none-eabi/7.3.1/thumb/v7e-m/fpv4-sp/hard/crti.o
                0x0000000008002ac8                _init
 .init          0x0000000008002acc        0x8 c:/st/stm32cubeide_1.3.0/stm32cubeide/plugins/com.st.stm32cube.ide.mcu.externaltools.gnu-tools-for-stm32.7-2018-q2-update.win32_1.0.0.201904181610/tools/bin/../lib/gcc/arm-none-eabi/7.3.1/thumb/v7e-m/fpv4-sp/hard/crtn.o
 *(.fini)
 .fini          0x0000000008002ad4        0x4 c:/st/stm32cubeide_1.3.0/stm32cubeide/plugins/com.st.stm32cube.ide.mcu.externaltools.gnu-tools-for-stm32.7-2018-q2-update.win32_1.0.0.201904181610/tools/bin/../lib/gcc/arm-none-eabi/7.3.1/thumb/v7e-m/fpv4-sp/hard/crti.o
                0x0000000008002ad4                _fini
 .fini          0x0000000008002ad8        0x8 c:/st/stm32cubeide_1.3.0/stm32cubeide/plugins/com.st.stm32cube.ide.mcu.externaltools.gnu-tools-for-stm32.7-2018-q2-update.win32_1.0.0.201904181610/tools/bin/../lib/gcc/arm-none-eabi/7.3.1/thumb/v7e-m/fpv4-sp/hard/crtn.o
                0x0000000008002ae0                . = ALIGN (0x4)
                0x0000000008002ae0                _etext = .

.vfp11_veneer   0x0000000008002ae0        0x0
 .vfp11_veneer  0x0000000008002ae0        0x0 linker stubs

.v4_bx          0x0000000008002ae0        0x0
 .v4_bx         0x0000000008002ae0        0x0 linker stubs

.iplt           0x0000000008002ae0        0x0
 .iplt          0x0000000008002ae0        0x0 c:/st/stm32cubeide_1.3.0/stm32cubeide/plugins/com.st.stm32cube.ide.mcu.externaltools.gnu-tools-for-stm32.7-2018-q2-update.win32_1.0.0.201904181610/tools/bin/../lib/gcc/arm-none-eabi/7.3.1/thumb/v7e-m/fpv4-sp/hard/crtbegin.o

.rodata         0x0000000008002ae0       0x50
                0x0000000008002ae0                . = ALIGN (0x4)
 *(.rodata)
 .rodata        0x0000000008002ae0       0x17 Core/Src/main.o
 *(.rodata*)
 *fill*         0x0000000008002af7        0x1 
 .rodata.AHBPrescTable
                0x0000000008002af8       0x10 Core/Src/system_stm32f3xx.o
                0x0000000008002af8                AHBPrescTable
 .rodata.APBPrescTable
                0x0000000008002b08        0x8 Core/Src/system_stm32f3xx.o
                0x0000000008002b08                APBPrescTable
 .rodata.aPLLMULFactorTable
                0x0000000008002b10       0x10 Drivers/STM32F3xx_HAL_Driver/Src/stm32f3xx_hal_rcc.o
                0x0000000008002b10                aPLLMULFactorTable
 .rodata.aPredivFactorTable
                0x0000000008002b20       0x10 Drivers/STM32F3xx_HAL_Driver/Src/stm32f3xx_hal_rcc.o
                0x0000000008002b20                aPredivFactorTable
                0x0000000008002b30                . = ALIGN (0x4)

.rel.dyn        0x0000000008002b30        0x0
 .rel.iplt      0x0000000008002b30        0x0 c:/st/stm32cubeide_1.3.0/stm32cubeide/plugins/com.st.stm32cube.ide.mcu.externaltools.gnu-tools-for-stm32.7-2018-q2-update.win32_1.0.0.201904181610/tools/bin/../lib/gcc/arm-none-eabi/7.3.1/thumb/v7e-m/fpv4-sp/hard/crtbegin.o

.ARM.extab      0x0000000008002b30        0x0
                0x0000000008002b30                . = ALIGN (0x4)
 *(.ARM.extab* .gnu.linkonce.armextab.*)
                0x0000000008002b30                . = ALIGN (0x4)

.ARM            0x0000000008002b30        0x0
                0x0000000008002b30                . = ALIGN (0x4)
                0x0000000008002b30                __exidx_start = .
 *(.ARM.exidx*)
                0x0000000008002b30                __exidx_end = .
                0x0000000008002b30                . = ALIGN (0x4)

.preinit_array  0x0000000008002b30        0x0
                0x0000000008002b30                . = ALIGN (0x4)
                0x0000000008002b30                PROVIDE (__preinit_array_start = .)
 *(.preinit_array*)
                0x0000000008002b30                PROVIDE (__preinit_array_end = .)
                0x0000000008002b30                . = ALIGN (0x4)

.init_array     0x0000000008002b30        0x4
                0x0000000008002b30                . = ALIGN (0x4)
                0x0000000008002b30                PROVIDE (__init_array_start = .)
 *(SORT_BY_NAME(.init_array.*))
 *(.init_array*)
 .init_array    0x0000000008002b30        0x4 c:/st/stm32cubeide_1.3.0/stm32cubeide/plugins/com.st.stm32cube.ide.mcu.externaltools.gnu-tools-for-stm32.7-2018-q2-update.win32_1.0.0.201904181610/tools/bin/../lib/gcc/arm-none-eabi/7.3.1/thumb/v7e-m/fpv4-sp/hard/crtbegin.o
                0x0000000008002b34                PROVIDE (__init_array_end = .)
                0x0000000008002b34                . = ALIGN (0x4)

.fini_array     0x0000000008002b34        0x4
                0x0000000008002b34                . = ALIGN (0x4)
                [!provide]                        PROVIDE (__fini_array_start = .)
 *(SORT_BY_NAME(.fini_array.*))
 *(.fini_array*)
 .fini_array    0x0000000008002b34        0x4 c:/st/stm32cubeide_1.3.0/stm32cubeide/plugins/com.st.stm32cube.ide.mcu.externaltools.gnu-tools-for-stm32.7-2018-q2-update.win32_1.0.0.201904181610/tools/bin/../lib/gcc/arm-none-eabi/7.3.1/thumb/v7e-m/fpv4-sp/hard/crtbegin.o
                [!provide]                        PROVIDE (__fini_array_end = .)
                0x0000000008002b38                . = ALIGN (0x4)
                0x0000000008002b38                _sidata = LOADADDR (.data)

.data           0x0000000020000000        0xc load address 0x0000000008002b38
                0x0000000020000000                . = ALIGN (0x4)
                0x0000000020000000                _sdata = .
 *(.data)
 *(.data*)
 .data.SystemCoreClock
                0x0000000020000000        0x4 Core/Src/system_stm32f3xx.o
                0x0000000020000000                SystemCoreClock
 .data.uwTickPrio
                0x0000000020000004        0x4 Drivers/STM32F3xx_HAL_Driver/Src/stm32f3xx_hal.o
                0x0000000020000004                uwTickPrio
 .data.uwTickFreq
                0x0000000020000008        0x1 Drivers/STM32F3xx_HAL_Driver/Src/stm32f3xx_hal.o
                0x0000000020000008                uwTickFreq
                0x000000002000000c                . = ALIGN (0x4)
 *fill*         0x0000000020000009        0x3 
                0x000000002000000c                _edata = .

.igot.plt       0x000000002000000c        0x0 load address 0x0000000008002b44
 .igot.plt      0x000000002000000c        0x0 c:/st/stm32cubeide_1.3.0/stm32cubeide/plugins/com.st.stm32cube.ide.mcu.externaltools.gnu-tools-for-stm32.7-2018-q2-update.win32_1.0.0.201904181610/tools/bin/../lib/gcc/arm-none-eabi/7.3.1/thumb/v7e-m/fpv4-sp/hard/crtbegin.o
                0x000000002000000c                . = ALIGN (0x4)

.bss            0x000000002000000c       0xb8 load address 0x0000000008002b44
                0x000000002000000c                _sbss = .
                0x000000002000000c                __bss_start__ = _sbss
 *(.bss)
 .bss           0x000000002000000c       0x1c c:/st/stm32cubeide_1.3.0/stm32cubeide/plugins/com.st.stm32cube.ide.mcu.externaltools.gnu-tools-for-stm32.7-2018-q2-update.win32_1.0.0.201904181610/tools/bin/../lib/gcc/arm-none-eabi/7.3.1/thumb/v7e-m/fpv4-sp/hard/crtbegin.o
 *(.bss*)
 .bss.rx_buffer
                0x0000000020000028       0x14 Core/Src/main.o
                0x0000000020000028                rx_buffer
 *(COMMON)
 COMMON         0x000000002000003c       0x84 Core/Src/main.o
                0x000000002000003c                huart3
 COMMON         0x00000000200000c0        0x4 Drivers/STM32F3xx_HAL_Driver/Src/stm32f3xx_hal.o
                0x00000000200000c0                uwTick
                0x00000000200000c4                . = ALIGN (0x4)
                0x00000000200000c4                _ebss = .
                0x00000000200000c4                __bss_end__ = _ebss

._user_heap_stack
                0x00000000200000c4      0x604 load address 0x0000000008002b44
                0x00000000200000c8                . = ALIGN (0x8)
 *fill*         0x00000000200000c4        0x4 
                0x00000000200000c8                PROVIDE (end = .)
                [!provide]                        PROVIDE (_end = .)
                0x00000000200002c8                . = (. + _Min_Heap_Size)
 *fill*         0x00000000200000c8      0x200 
                0x00000000200006c8                . = (. + _Min_Stack_Size)
 *fill*         0x00000000200002c8      0x400 
                0x00000000200006c8                . = ALIGN (0x8)

/DISCARD/
 libc.a(*)
 libm.a(*)
 libgcc.a(*)

.ARM.attributes
                0x0000000000000000       0x30
 *(.ARM.attributes)
 .ARM.attributes
                0x0000000000000000       0x22 c:/st/stm32cubeide_1.3.0/stm32cubeide/plugins/com.st.stm32cube.ide.mcu.externaltools.gnu-tools-for-stm32.7-2018-q2-update.win32_1.0.0.201904181610/tools/bin/../lib/gcc/arm-none-eabi/7.3.1/thumb/v7e-m/fpv4-sp/hard/crti.o
 .ARM.attributes
                0x0000000000000022       0x34 c:/st/stm32cubeide_1.3.0/stm32cubeide/plugins/com.st.stm32cube.ide.mcu.externaltools.gnu-tools-for-stm32.7-2018-q2-update.win32_1.0.0.201904181610/tools/bin/../lib/gcc/arm-none-eabi/7.3.1/thumb/v7e-m/fpv4-sp/hard/crtbegin.o
 .ARM.attributes
                0x0000000000000056       0x39 Core/Src/main.o
 .ARM.attributes
                0x000000000000008f       0x39 Core/Src/stm32f3xx_hal_msp.o
 .ARM.attributes
                0x00000000000000c8       0x39 Core/Src/stm32f3xx_it.o
 .ARM.attributes
                0x0000000000000101       0x39 Core/Src/system_stm32f3xx.o
 .ARM.attributes
                0x000000000000013a       0x21 Core/Startup/startup_stm32f303cbtx.o
 .ARM.attributes
                0x000000000000015b       0x39 Drivers/STM32F3xx_HAL_Driver/Src/stm32f3xx_hal.o
 .ARM.attributes
                0x0000000000000194       0x39 Drivers/STM32F3xx_HAL_Driver/Src/stm32f3xx_hal_cortex.o
 .ARM.attributes
                0x00000000000001cd       0x39 Drivers/STM32F3xx_HAL_Driver/Src/stm32f3xx_hal_gpio.o
 .ARM.attributes
                0x0000000000000206       0x39 Drivers/STM32F3xx_HAL_Driver/Src/stm32f3xx_hal_rcc.o
 .ARM.attributes
                0x000000000000023f       0x39 Drivers/STM32F3xx_HAL_Driver/Src/stm32f3xx_hal_rcc_ex.o
 .ARM.attributes
                0x0000000000000278       0x39 Drivers/STM32F3xx_HAL_Driver/Src/stm32f3xx_hal_uart.o
 .ARM.attributes
                0x00000000000002b1       0x34 c:/st/stm32cubeide_1.3.0/stm32cubeide/plugins/com.st.stm32cube.ide.mcu.externaltools.gnu-tools-for-stm32.7-2018-q2-update.win32_1.0.0.201904181610/tools/bin/../lib/gcc/arm-none-eabi/7.3.1/../../../../arm-none-eabi/lib/thumb/v7e-m/fpv4-sp/hard\libc_nano.a(lib_a-init.o)
 .ARM.attributes
                0x00000000000002e5       0x34 c:/st/stm32cubeide_1.3.0/stm32cubeide/plugins/com.st.stm32cube.ide.mcu.externaltools.gnu-tools-for-stm32.7-2018-q2-update.win32_1.0.0.201904181610/tools/bin/../lib/gcc/arm-none-eabi/7.3.1/../../../../arm-none-eabi/lib/thumb/v7e-m/fpv4-sp/hard\libc_nano.a(lib_a-memset.o)
 .ARM.attributes
                0x0000000000000319       0x22 c:/st/stm32cubeide_1.3.0/stm32cubeide/plugins/com.st.stm32cube.ide.mcu.externaltools.gnu-tools-for-stm32.7-2018-q2-update.win32_1.0.0.201904181610/tools/bin/../lib/gcc/arm-none-eabi/7.3.1/thumb/v7e-m/fpv4-sp/hard/crtn.o
OUTPUT(stm32_uart_Polling_method.elf elf32-littlearm)

.debug_info     0x0000000000000000     0x6c2c
 .debug_info    0x0000000000000000      0xa93 Core/Src/main.o
 .debug_info    0x0000000000000a93      0x92a Core/Src/stm32f3xx_hal_msp.o
 .debug_info    0x00000000000013bd      0x20d Core/Src/stm32f3xx_it.o
 .debug_info    0x00000000000015ca      0x45c Core/Src/system_stm32f3xx.o
 .debug_info    0x0000000000001a26       0x22 Core/Startup/startup_stm32f303cbtx.o
 .debug_info    0x0000000000001a48      0x7e2 Drivers/STM32F3xx_HAL_Driver/Src/stm32f3xx_hal.o
 .debug_info    0x000000000000222a      0xd99 Drivers/STM32F3xx_HAL_Driver/Src/stm32f3xx_hal_cortex.o
 .debug_info    0x0000000000002fc3      0x70b Drivers/STM32F3xx_HAL_Driver/Src/stm32f3xx_hal_gpio.o
 .debug_info    0x00000000000036ce     0x180f Drivers/STM32F3xx_HAL_Driver/Src/stm32f3xx_hal_rcc.o
 .debug_info    0x0000000000004edd      0x6ad Drivers/STM32F3xx_HAL_Driver/Src/stm32f3xx_hal_rcc_ex.o
 .debug_info    0x000000000000558a     0x16a2 Drivers/STM32F3xx_HAL_Driver/Src/stm32f3xx_hal_uart.o

.debug_abbrev   0x0000000000000000     0x1291
 .debug_abbrev  0x0000000000000000      0x1c7 Core/Src/main.o
 .debug_abbrev  0x00000000000001c7      0x18c Core/Src/stm32f3xx_hal_msp.o
 .debug_abbrev  0x0000000000000353       0xc6 Core/Src/stm32f3xx_it.o
 .debug_abbrev  0x0000000000000419      0x12b Core/Src/system_stm32f3xx.o
 .debug_abbrev  0x0000000000000544       0x12 Core/Startup/startup_stm32f303cbtx.o
 .debug_abbrev  0x0000000000000556      0x1c7 Drivers/STM32F3xx_HAL_Driver/Src/stm32f3xx_hal.o
 .debug_abbrev  0x000000000000071d      0x2fa Drivers/STM32F3xx_HAL_Driver/Src/stm32f3xx_hal_cortex.o
 .debug_abbrev  0x0000000000000a17      0x1c0 Drivers/STM32F3xx_HAL_Driver/Src/stm32f3xx_hal_gpio.o
 .debug_abbrev  0x0000000000000bd7      0x28c Drivers/STM32F3xx_HAL_Driver/Src/stm32f3xx_hal_rcc.o
 .debug_abbrev  0x0000000000000e63      0x219 Drivers/STM32F3xx_HAL_Driver/Src/stm32f3xx_hal_rcc_ex.o
 .debug_abbrev  0x000000000000107c      0x215 Drivers/STM32F3xx_HAL_Driver/Src/stm32f3xx_hal_uart.o

.debug_aranges  0x0000000000000000      0x658
 .debug_aranges
                0x0000000000000000       0x40 Core/Src/main.o
 .debug_aranges
                0x0000000000000040       0x30 Core/Src/stm32f3xx_hal_msp.o
 .debug_aranges
                0x0000000000000070       0x60 Core/Src/stm32f3xx_it.o
 .debug_aranges
                0x00000000000000d0       0x28 Core/Src/system_stm32f3xx.o
 .debug_aranges
                0x00000000000000f8       0x28 Core/Startup/startup_stm32f303cbtx.o
 .debug_aranges
                0x0000000000000120       0xe0 Drivers/STM32F3xx_HAL_Driver/Src/stm32f3xx_hal.o
 .debug_aranges
                0x0000000000000200      0x118 Drivers/STM32F3xx_HAL_Driver/Src/stm32f3xx_hal_cortex.o
 .debug_aranges
                0x0000000000000318       0x58 Drivers/STM32F3xx_HAL_Driver/Src/stm32f3xx_hal_gpio.o
 .debug_aranges
                0x0000000000000370       0x88 Drivers/STM32F3xx_HAL_Driver/Src/stm32f3xx_hal_rcc.o
 .debug_aranges
                0x00000000000003f8       0x38 Drivers/STM32F3xx_HAL_Driver/Src/stm32f3xx_hal_rcc_ex.o
 .debug_aranges
                0x0000000000000430      0x228 Drivers/STM32F3xx_HAL_Driver/Src/stm32f3xx_hal_uart.o

.debug_ranges   0x0000000000000000      0x5e0
 .debug_ranges  0x0000000000000000       0x30 Core/Src/main.o
 .debug_ranges  0x0000000000000030       0x20 Core/Src/stm32f3xx_hal_msp.o
 .debug_ranges  0x0000000000000050       0x50 Core/Src/stm32f3xx_it.o
 .debug_ranges  0x00000000000000a0       0x18 Core/Src/system_stm32f3xx.o
 .debug_ranges  0x00000000000000b8       0x20 Core/Startup/startup_stm32f303cbtx.o
 .debug_ranges  0x00000000000000d8       0xd0 Drivers/STM32F3xx_HAL_Driver/Src/stm32f3xx_hal.o
 .debug_ranges  0x00000000000001a8      0x108 Drivers/STM32F3xx_HAL_Driver/Src/stm32f3xx_hal_cortex.o
 .debug_ranges  0x00000000000002b0       0x48 Drivers/STM32F3xx_HAL_Driver/Src/stm32f3xx_hal_gpio.o
 .debug_ranges  0x00000000000002f8       0x78 Drivers/STM32F3xx_HAL_Driver/Src/stm32f3xx_hal_rcc.o
 .debug_ranges  0x0000000000000370       0x28 Drivers/STM32F3xx_HAL_Driver/Src/stm32f3xx_hal_rcc_ex.o
 .debug_ranges  0x0000000000000398      0x248 Drivers/STM32F3xx_HAL_Driver/Src/stm32f3xx_hal_uart.o

.debug_macro    0x0000000000000000    0x1bfac
 .debug_macro   0x0000000000000000      0x1cd Core/Src/main.o
 .debug_macro   0x00000000000001cd      0xa5a Core/Src/main.o
 .debug_macro   0x0000000000000c27      0x151 Core/Src/main.o
 .debug_macro   0x0000000000000d78       0x2e Core/Src/main.o
 .debug_macro   0x0000000000000da6       0x28 Core/Src/main.o
 .debug_macro   0x0000000000000dce       0x22 Core/Src/main.o
 .debug_macro   0x0000000000000df0       0x8e Core/Src/main.o
 .debug_macro   0x0000000000000e7e       0x51 Core/Src/main.o
 .debug_macro   0x0000000000000ecf       0xef Core/Src/main.o
 .debug_macro   0x0000000000000fbe       0x6a Core/Src/main.o
 .debug_macro   0x0000000000001028      0x1df Core/Src/main.o
 .debug_macro   0x0000000000001207       0x1c Core/Src/main.o
 .debug_macro   0x0000000000001223       0x22 Core/Src/main.o
 .debug_macro   0x0000000000001245       0xdf Core/Src/main.o
 .debug_macro   0x0000000000001324     0x102d Core/Src/main.o
 .debug_macro   0x0000000000002351      0x11f Core/Src/main.o
 .debug_macro   0x0000000000002470    0x12a33 Core/Src/main.o
 .debug_macro   0x0000000000014ea3       0x43 Core/Src/main.o
 .debug_macro   0x0000000000014ee6     0x35e9 Core/Src/main.o
 .debug_macro   0x00000000000184cf      0x174 Core/Src/main.o
 .debug_macro   0x0000000000018643       0x55 Core/Src/main.o
 .debug_macro   0x0000000000018698      0x962 Core/Src/main.o
 .debug_macro   0x0000000000018ffa      0x5fe Core/Src/main.o
 .debug_macro   0x00000000000195f8      0x12f Core/Src/main.o
 .debug_macro   0x0000000000019727      0x1fb Core/Src/main.o
 .debug_macro   0x0000000000019922      0x1dc Core/Src/main.o
 .debug_macro   0x0000000000019afe      0x1bc Core/Src/main.o
 .debug_macro   0x0000000000019cba       0x30 Core/Src/main.o
 .debug_macro   0x0000000000019cea       0x3c Core/Src/main.o
 .debug_macro   0x0000000000019d26      0x236 Core/Src/main.o
 .debug_macro   0x0000000000019f5c       0xc5 Core/Src/main.o
 .debug_macro   0x000000000001a021      0x21d Core/Src/main.o
 .debug_macro   0x000000000001a23e      0x22c Core/Src/main.o
 .debug_macro   0x000000000001a46a       0x5b Core/Src/main.o
 .debug_macro   0x000000000001a4c5       0xa5 Core/Src/main.o
 .debug_macro   0x000000000001a56a       0x81 Core/Src/main.o
 .debug_macro   0x000000000001a5eb       0xd3 Core/Src/main.o
 .debug_macro   0x000000000001a6be      0x5a5 Core/Src/main.o
 .debug_macro   0x000000000001ac63       0x3e Core/Src/main.o
 .debug_macro   0x000000000001aca1      0x275 Core/Src/main.o
 .debug_macro   0x000000000001af16      0x1cd Core/Src/stm32f3xx_hal_msp.o
 .debug_macro   0x000000000001b0e3      0x1d7 Core/Src/stm32f3xx_it.o
 .debug_macro   0x000000000001b2ba      0x1c3 Core/Src/system_stm32f3xx.o
 .debug_macro   0x000000000001b47d      0x1e7 Drivers/STM32F3xx_HAL_Driver/Src/stm32f3xx_hal.o
 .debug_macro   0x000000000001b664      0x1c3 Drivers/STM32F3xx_HAL_Driver/Src/stm32f3xx_hal_cortex.o
 .debug_macro   0x000000000001b827      0x1fb Drivers/STM32F3xx_HAL_Driver/Src/stm32f3xx_hal_gpio.o
 .debug_macro   0x000000000001ba22      0x1e7 Drivers/STM32F3xx_HAL_Driver/Src/stm32f3xx_hal_rcc.o
 .debug_macro   0x000000000001bc09      0x1c3 Drivers/STM32F3xx_HAL_Driver/Src/stm32f3xx_hal_rcc_ex.o
 .debug_macro   0x000000000001bdcc      0x1e0 Drivers/STM32F3xx_HAL_Driver/Src/stm32f3xx_hal_uart.o

.debug_line     0x0000000000000000     0x615e
 .debug_line    0x0000000000000000      0x72c Core/Src/main.o
 .debug_line    0x000000000000072c      0x6ea Core/Src/stm32f3xx_hal_msp.o
 .debug_line    0x0000000000000e16      0x75f Core/Src/stm32f3xx_it.o
 .debug_line    0x0000000000001575      0x6d8 Core/Src/system_stm32f3xx.o
 .debug_line    0x0000000000001c4d       0x88 Core/Startup/startup_stm32f303cbtx.o
 .debug_line    0x0000000000001cd5      0x896 Drivers/STM32F3xx_HAL_Driver/Src/stm32f3xx_hal.o
 .debug_line    0x000000000000256b      0x9cb Drivers/STM32F3xx_HAL_Driver/Src/stm32f3xx_hal_cortex.o
 .debug_line    0x0000000000002f36      0x849 Drivers/STM32F3xx_HAL_Driver/Src/stm32f3xx_hal_gpio.o
 .debug_line    0x000000000000377f      0xe0e Drivers/STM32F3xx_HAL_Driver/Src/stm32f3xx_hal_rcc.o
 .debug_line    0x000000000000458d      0x989 Drivers/STM32F3xx_HAL_Driver/Src/stm32f3xx_hal_rcc_ex.o
 .debug_line    0x0000000000004f16     0x1248 Drivers/STM32F3xx_HAL_Driver/Src/stm32f3xx_hal_uart.o

.debug_str      0x0000000000000000    0xa8fde
 .debug_str     0x0000000000000000    0xa74fd Core/Src/main.o
                                      0xa7bdf (size before relaxing)
 .debug_str     0x00000000000a74fd       0xbe Core/Src/stm32f3xx_hal_msp.o
                                      0xa79af (size before relaxing)
 .debug_str     0x00000000000a75bb       0xbd Core/Src/stm32f3xx_it.o
                                      0xa7554 (size before relaxing)
 .debug_str     0x00000000000a7678       0xbd Core/Src/system_stm32f3xx.o
                                      0xa759d (size before relaxing)
 .debug_str     0x00000000000a7735       0x36 Core/Startup/startup_stm32f303cbtx.o
                                         0x63 (size before relaxing)
 .debug_str     0x00000000000a776b      0x63b Drivers/STM32F3xx_HAL_Driver/Src/stm32f3xx_hal.o
                                      0xa7d39 (size before relaxing)
 .debug_str     0x00000000000a7da6      0x3b1 Drivers/STM32F3xx_HAL_Driver/Src/stm32f3xx_hal_cortex.o
                                      0xa7e47 (size before relaxing)
 .debug_str     0x00000000000a8157      0x240 Drivers/STM32F3xx_HAL_Driver/Src/stm32f3xx_hal_gpio.o
                                      0xa7803 (size before relaxing)
 .debug_str     0x00000000000a8397      0x2f7 Drivers/STM32F3xx_HAL_Driver/Src/stm32f3xx_hal_rcc.o
                                      0xa7a0b (size before relaxing)
 .debug_str     0x00000000000a868e       0xd8 Drivers/STM32F3xx_HAL_Driver/Src/stm32f3xx_hal_rcc_ex.o
                                      0xa77cf (size before relaxing)
 .debug_str     0x00000000000a8766      0x878 Drivers/STM32F3xx_HAL_Driver/Src/stm32f3xx_hal_uart.o
                                      0xa81f8 (size before relaxing)

.comment        0x0000000000000000       0x7b
 .comment       0x0000000000000000       0x7b Core/Src/main.o
                                         0x7c (size before relaxing)
 .comment       0x000000000000007b       0x7c Core/Src/stm32f3xx_hal_msp.o
 .comment       0x000000000000007b       0x7c Core/Src/stm32f3xx_it.o
 .comment       0x000000000000007b       0x7c Core/Src/system_stm32f3xx.o
 .comment       0x000000000000007b       0x7c Drivers/STM32F3xx_HAL_Driver/Src/stm32f3xx_hal.o
 .comment       0x000000000000007b       0x7c Drivers/STM32F3xx_HAL_Driver/Src/stm32f3xx_hal_cortex.o
 .comment       0x000000000000007b       0x7c Drivers/STM32F3xx_HAL_Driver/Src/stm32f3xx_hal_gpio.o
 .comment       0x000000000000007b       0x7c Drivers/STM32F3xx_HAL_Driver/Src/stm32f3xx_hal_rcc.o
 .comment       0x000000000000007b       0x7c Drivers/STM32F3xx_HAL_Driver/Src/stm32f3xx_hal_rcc_ex.o
 .comment       0x000000000000007b       0x7c Drivers/STM32F3xx_HAL_Driver/Src/stm32f3xx_hal_uart.o

.debug_frame    0x0000000000000000     0x18a8
 .debug_frame   0x0000000000000000       0xb8 Core/Src/main.o
 .debug_frame   0x00000000000000b8       0x80 Core/Src/stm32f3xx_hal_msp.o
 .debug_frame   0x0000000000000138      0x10c Core/Src/stm32f3xx_it.o
 .debug_frame   0x0000000000000244       0x58 Core/Src/system_stm32f3xx.o
 .debug_frame   0x000000000000029c      0x334 Drivers/STM32F3xx_HAL_Driver/Src/stm32f3xx_hal.o
 .debug_frame   0x00000000000005d0      0x498 Drivers/STM32F3xx_HAL_Driver/Src/stm32f3xx_hal_cortex.o
 .debug_frame   0x0000000000000a68      0x14c Drivers/STM32F3xx_HAL_Driver/Src/stm32f3xx_hal_gpio.o
 .debug_frame   0x0000000000000bb4      0x214 Drivers/STM32F3xx_HAL_Driver/Src/stm32f3xx_hal_rcc.o
 .debug_frame   0x0000000000000dc8       0xb4 Drivers/STM32F3xx_HAL_Driver/Src/stm32f3xx_hal_rcc_ex.o
 .debug_frame   0x0000000000000e7c      0x9e0 Drivers/STM32F3xx_HAL_Driver/Src/stm32f3xx_hal_uart.o
 .debug_frame   0x000000000000185c       0x2c c:/st/stm32cubeide_1.3.0/stm32cubeide/plugins/com.st.stm32cube.ide.mcu.externaltools.gnu-tools-for-stm32.7-2018-q2-update.win32_1.0.0.201904181610/tools/bin/../lib/gcc/arm-none-eabi/7.3.1/../../../../arm-none-eabi/lib/thumb/v7e-m/fpv4-sp/hard\libc_nano.a(lib_a-init.o)
 .debug_frame   0x0000000000001888       0x20 c:/st/stm32cubeide_1.3.0/stm32cubeide/plugins/com.st.stm32cube.ide.mcu.externaltools.gnu-tools-for-stm32.7-2018-q2-update.win32_1.0.0.201904181610/tools/bin/../lib/gcc/arm-none-eabi/7.3.1/../../../../arm-none-eabi/lib/thumb/v7e-m/fpv4-sp/hard\libc_nano.a(lib_a-memset.o)
